3
5
6
7
9
13
14
15
16
17
18
20
22
23
25
26
28
30
31
35
36
37
39
40
42
44
46
48
52
53
54
55
56
58
59
60
63
65
66
67
69
70
71
72
80
86
87
88
90
91
92
93
94
96
97
98
99
100
101
102
103
105
106
108
109
110
