2
4
5
6
7
8
9
10
11
13
14
17
19
20
21
22
24
26
27
31
32
33
35
36
37
38
40
41
42
44
46
47
48
52
54
55
56
59
60
61
63
64
65
66
67
68
71
72
73
74
75
77
83
84
85
86
87
88
89
90
91
93
96
97
98
99
100
101
103
104
105
107
109
110
111
112
113
118
119
122
123
125
127
128
129
130
132
134
135
136
137
138
140
143
146
148
149
150
152
153
154
155
157
159
163
166
167
168
170
171
174
177
178
179
182
183
