1 2 3 4 5 6 11 12 14 16 18 19 20 21 22 23 26 28 30 31 32 33 35 36 37 40 41 44 46 48 49 50 51 52 54 56 57 58 60 61 62 63 64 65 68 69 74 76 77 79 82 83 84 85 86 87 89 91 92 94 95 96 97 98 99 100 101 102 103 104 105 106 108 112 113 114 116 117 118 119 121 122 125 127 128 129 131 132 133 134 135 136 137 140 141 142 143 145 147 148 149 150 154 156 157 159 160 162 163 164 167 168 169 170 172 174 175 176 177 178 181 183 185 186 187 188 189 191 192 196 198 199 202 203 