0 2 4 5 6 7 8 9 10 12 13 15 17 18 19 21 22 23 25 26 27 29 30 31 32 33 34 35 36 37 38 39 41 42 43 46 47 50 51 52 53 54 55 57 59 60 61 62 63 64 66 68 69 70 73 75 76 79 80 81 82 84 85 86 89 92 93 94 96 97 98 99 100 101 102 104 105 107 109 110 112 114 115 117 118 120 121 122 123 124 126 127 129 131 132 134 136 137 138 140 141 142 143 144 145 146 150 151 154 156 157 158 159 160 161 163 164 165 166 167 168 169 170 171 173 176 177 178 180 184 185 186 187 189 191 