1 2 3 4 5 6 7 8 9 10 12 13 14 15 16 17 19 20 21 22 23 26 27 28 30 31 32 33 34 37 38 39 40 41 43 44 45 46 47 48 49 51 52 53 54 57 58 59 60 61 62 63 64 65 67 68 69 70 71 72 73 74 75 76 77 78 79 80 81 82 83 84 85 87 88 89 91 93 94 95 96 98 99 100 101 103 104 106 107 109 110 111 112 113 115 116 117 118 121 122 123 124 125 126 127 128 129 130 131 132 134 135 136 137 138 139 141 142 144 146 147 149 150 151 152 153 154 156 158 160 162 163 164 165 166 168 169 170 172 173 174 175 176 177 178 179 180 181 182 183 184 186 187 190 192 193 194 195 196 198 200 202 203 204 205 208 209 210 215 216 217 218 219 220 221 222 223 224 225 226 227 228 