6 7 10 11 13 17 26 27 29 31 34 35 36 38 39 48 54 56 