0 2 3 4 5 6 7 8 10 11 12 14 15 17 18 19 20 21 22 23 24 25 26 28 29 30 32 33 34 35 36 37 38 39 40 41 43 44 45 48 51 52 53 56 57 58 59 61 62 64 65 66 67 68 70 73 74 75 77 78 79 80 81 82 83 84 85 86 87 88 89 90 91 92 94 95 96 98 100 101 102 103 104 106 109 111 113 115 116 117 118 119 123 126 128 130 132 133 135 137 139 141 142 143 145 146 148 149 150 151 152 153 154 156 158 160 161 162 163 165 166 167 170 171 172 173 174 175 177 178 179 180 181 183 184 185 186 190 194 195 196 197 198 199 200 202 203 204 205 206 207 209 211 212 214 218 219 220 221 222 223 224 225 227 230 232 233 235 236 237 239 240 242 247 248 