1 2 4 6 7 9 10 12 13 16 19 20 21 26 28 29 32 33 34 35 36 37 39 40 41 43 47 48 49 50 51 52 54 55 57 59 60 62 72 73 77 78 80 81 83 84 88 89 91 92 93 97 98 99 101 102 103 104 105 108 109 110 112 113 114 115 117 120 124 125 126 127 130 131 133 135 136 137 138 140 143 145 147 148 149 150 151 152 155 157 158 159 160 162 165 166 168 169 172 174 175 176 178 180 182 