2 5 6 7 9 11 12 13 14 15 19 21 22 23 24 25 29 30 31 33 35 36 37 39 40 41 42 45 46 47 48 49 50 52 53 55 58 59 60 62 63 64 65 66 67 68 69 70 71 76 78 79 80 82 83 84 86 87 88 90 91 92 95 98 99 100 102 104 105 107 109 110 112 113 114 115 116 117 118 120 121 122 124 126 128 129 131 132 133 134 135 136 137 138 139 140 141 142 143 144 145 146 148 149 152 153 156 159 161 162 163 164 166 167 168 169 170 171 174 176 178 180 181 182 183 184 185 186 188 190 192 193 196 198 199 200 202 204 205 207 208 211 212 216 217 218 219 220 221 222 223 224 225 227 228 230 231 233 235 237 239 240 241 242 244 246 248 249 250 251 253 255 258 260 261 262 263 265 266 267 268 269 271 272 273 274 275 276 277 278 279 280 281 282 283 284 