1 2 3 4 6 7 8 9 10 11 12 17 18 19 20 21 22 23 24 25 28 29 32 33 34 35 36 37 38 39 42 43 44 45 47 49 54 57 58 60 61 62 64 65 66 68 69 71 73 74 75 77 79 80 81 82 83 84 87 88 89 91 92 97 99 101 102 103 104 106 107 108 110 112 113 114 115 116 117 118 119 121 122 123 124 125 126 128 129 131 132 133 136 137 139 140 141 144 145 146 148 