2 11 12 14 16 17 24 31 32 33 36 38 40 46 48 49 53 54 