1 2 3 4 5 8 9 10 11 12 14 15 16 17 18 19 20 21 22 24 26 28 30 31 32 33 34 35 36 38 40 41 42 44 45 46 47 48 49 52 53 54 55 56 57 62 63 64 65 67 68 69 70 72 73 74 75 76 77 78 80 82 83 84 85 86 87 89 91 92 95 96 97 99 100 103 104 105 106 107 108 110 112 113 115 116 118 119 120 121 122 123 126 127 128 129 130 131 132 133 134 135 136 137 139 140 141 143 148 149 150 151 152 153 155 156 157 158 159 161 162 164 166 167 170 171 172 173 174 178 179 180 181 182 183 186 190 191 192 193 194 195 197 198 201 202 203 204 205 206 207 208 209 210 211 212 213 214 215 216 217 219 220 221 222 223 224 226 227 228 229 230 231 232 233 235 236 237 238 241 243 244 246 247 